// Jest Snapshot v1, https://goo.gl/fbAQLP

exports[`App injects broken css 1`] = `
<DocumentFragment>
  <div
    class="App"
  >
    <my-component
      first="A"
      last="broken"
      middle="bit"
    />
  </div>
</DocumentFragment>
`;

exports[`App works 1`] = `
<DocumentFragment>
  <div
    class="App"
  >
    <my-component
      first="A"
      last="broken"
      middle="bit"
    />
  </div>
</DocumentFragment>
`;
